[INFO] Scanning for projects...
[INFO] ------------------------------------------------------------------------
[INFO] Reactor Build Order:
[INFO] 
[INFO] ComplianceAI Pro                                                   [jar]
[INFO] ComplianceAI Pro Root                                              [pom]
[INFO] 
[INFO] -----------------< com.complianceai:complianceai-pro >------------------
[INFO] Building ComplianceAI Pro 1.0.0                                    [1/2]
[INFO]   from backend\pom.xml
[INFO] --------------------------------[ jar ]---------------------------------
[INFO] 
[INFO] --- clean:3.3.2:clean (default-clean) @ complianceai-pro ---
[INFO] Deleting C:\Users\rahul\.gemini\antigravity\scratch\complianceai-pro\backend\target
[INFO] 
[INFO] --- resources:3.3.1:resources (default-resources) @ complianceai-pro ---
[INFO] Copying 3 resources from src\main\resources to target\classes
[INFO] Copying 3 resources from src\main\resources to target\classes
[INFO] 
[INFO] --- compiler:3.11.0:compile (default-compile) @ complianceai-pro ---
[INFO] Changes detected - recompiling the module! :source
[INFO] Compiling 73 source files with javac [debug release 21] to target\classes
[INFO] Annotation processing is enabled because one or more processors were found
  on the class path. A future release of javac may disable annotation processing
  unless at least one processor is specified by name (-processor), or a search
  path is specified (--processor-path, --processor-module-path), or annotation
  processing is enabled explicitly (-proc:only, -proc:full).
  Use -Xlint:-options to suppress this message.
  Use -proc:none to disable annotation processing.
[INFO] -------------------------------------------------------------
[ERROR] COMPILATION ERROR : 
[INFO] -------------------------------------------------------------
[ERROR] /C:/Users/rahul/.gemini/antigravity/scratch/complianceai-pro/backend/src/main/java/com/complianceai/controller/AuthController.java:[3,36] package com.complianceai.dto.request does not exist
[ERROR] /C:/Users/rahul/.gemini/antigravity/scratch/complianceai-pro/backend/src/main/java/com/complianceai/controller/AuthController.java:[4,36] package com.complianceai.dto.request does not exist
[ERROR] /C:/Users/rahul/.gemini/antigravity/scratch/complianceai-pro/backend/src/main/java/com/complianceai/controller/AuthController.java:[5,37] package com.complianceai.dto.response does not exist
[ERROR] /C:/Users/rahul/.gemini/antigravity/scratch/complianceai-pro/backend/src/main/java/com/complianceai/controller/AuthController.java:[20,68] cannot find symbol
  symbol:   class SignupRequest
  location: class com.complianceai.controller.AuthController
[ERROR] /C:/Users/rahul/.gemini/antigravity/scratch/complianceai-pro/backend/src/main/java/com/complianceai/controller/AuthController.java:[20,27] cannot find symbol
  symbol:   class AuthResponse
  location: class com.complianceai.controller.AuthController
[ERROR] /C:/Users/rahul/.gemini/antigravity/scratch/complianceai-pro/backend/src/main/java/com/complianceai/controller/AuthController.java:[25,67] cannot find symbol
  symbol:   class LoginRequest
  location: class com.complianceai.controller.AuthController
[ERROR] /C:/Users/rahul/.gemini/antigravity/scratch/complianceai-pro/backend/src/main/java/com/complianceai/controller/AuthController.java:[25,27] cannot find symbol
  symbol:   class AuthResponse
  location: class com.complianceai.controller.AuthController
[ERROR] /C:/Users/rahul/.gemini/antigravity/scratch/complianceai-pro/backend/src/main/java/com/complianceai/controller/AuthController.java:[30,27] cannot find symbol
  symbol:   class AuthResponse
  location: class com.complianceai.controller.AuthController
[ERROR] /C:/Users/rahul/.gemini/antigravity/scratch/complianceai-pro/backend/src/main/java/com/complianceai/controller/ScanController.java:[3,36] package com.complianceai.dto.request does not exist
[ERROR] /C:/Users/rahul/.gemini/antigravity/scratch/complianceai-pro/backend/src/main/java/com/complianceai/controller/ScanController.java:[4,37] package com.complianceai.dto.response does not exist
[ERROR] /C:/Users/rahul/.gemini/antigravity/scratch/complianceai-pro/backend/src/main/java/com/complianceai/controller/ScanController.java:[5,37] package com.complianceai.dto.response does not exist
[ERROR] /C:/Users/rahul/.gemini/antigravity/scratch/complianceai-pro/backend/src/main/java/com/complianceai/service/ScanService.java:[3,37] package com.complianceai.dto.response does not exist
[ERROR] /C:/Users/rahul/.gemini/antigravity/scratch/complianceai-pro/backend/src/main/java/com/complianceai/service/ScanService.java:[4,37] package com.complianceai.dto.response does not exist
[ERROR] /C:/Users/rahul/.gemini/antigravity/scratch/complianceai-pro/backend/src/main/java/com/complianceai/controller/ScanController.java:[22,74] cannot find symbol
  symbol:   class ScanRequest
  location: class com.complianceai.controller.ScanController
[ERROR] /C:/Users/rahul/.gemini/antigravity/scratch/complianceai-pro/backend/src/main/java/com/complianceai/controller/ScanController.java:[22,27] cannot find symbol
  symbol:   class ComplianceScoreResponse
  location: class com.complianceai.controller.ScanController
[ERROR] /C:/Users/rahul/.gemini/antigravity/scratch/complianceai-pro/backend/src/main/java/com/complianceai/controller/ScanController.java:[30,26] cannot find symbol
  symbol:   class ScanRequest
  location: class com.complianceai.controller.ScanController
[ERROR] /C:/Users/rahul/.gemini/antigravity/scratch/complianceai-pro/backend/src/main/java/com/complianceai/controller/ScanController.java:[28,27] cannot find symbol
  symbol:   class ScanResponse
  location: class com.complianceai.controller.ScanController
[ERROR] /C:/Users/rahul/.gemini/antigravity/scratch/complianceai-pro/backend/src/main/java/com/complianceai/service/ScanService.java:[33,12] cannot find symbol
  symbol:   class ComplianceScoreResponse
  location: class com.complianceai.service.ScanService
[ERROR] /C:/Users/rahul/.gemini/antigravity/scratch/complianceai-pro/backend/src/main/java/com/complianceai/service/ScanService.java:[130,56] cannot find symbol
  symbol:   class ScanRequest
  location: class com.complianceai.service.ScanService
[ERROR] /C:/Users/rahul/.gemini/antigravity/scratch/complianceai-pro/backend/src/main/java/com/complianceai/service/ScanService.java:[130,12] cannot find symbol
  symbol:   class ScanResponse
  location: class com.complianceai.service.ScanService
[ERROR] /C:/Users/rahul/.gemini/antigravity/scratch/complianceai-pro/backend/src/main/java/com/complianceai/service/SubscriptionService.java:[4,37] package com.complianceai.dto.response does not exist
[ERROR] /C:/Users/rahul/.gemini/antigravity/scratch/complianceai-pro/backend/src/main/java/com/complianceai/service/SubscriptionService.java:[55,12] cannot find symbol
  symbol:   class SubscriptionResponse
  location: class com.complianceai.service.SubscriptionService
[ERROR] /C:/Users/rahul/.gemini/antigravity/scratch/complianceai-pro/backend/src/main/java/com/complianceai/controller/SubscriptionController.java:[3,36] package com.complianceai.dto.request does not exist
[ERROR] /C:/Users/rahul/.gemini/antigravity/scratch/complianceai-pro/backend/src/main/java/com/complianceai/controller/SubscriptionController.java:[4,37] package com.complianceai.dto.response does not exist
[ERROR] /C:/Users/rahul/.gemini/antigravity/scratch/complianceai-pro/backend/src/main/java/com/complianceai/controller/SubscriptionController.java:[24,26] cannot find symbol
  symbol:   class CreateSubscriptionRequest
  location: class com.complianceai.controller.SubscriptionController
[ERROR] /C:/Users/rahul/.gemini/antigravity/scratch/complianceai-pro/backend/src/main/java/com/complianceai/controller/SubscriptionController.java:[34,27] cannot find symbol
  symbol:   class SubscriptionResponse
  location: class com.complianceai.controller.SubscriptionController
[ERROR] /C:/Users/rahul/.gemini/antigravity/scratch/complianceai-pro/backend/src/main/java/com/complianceai/controller/SubscriptionController.java:[50,26] cannot find symbol
  symbol:   class CreateSubscriptionRequest
  location: class com.complianceai.controller.SubscriptionController
[INFO] 27 errors 
[INFO] -------------------------------------------------------------
[INFO] ------------------------------------------------------------------------
[INFO] Reactor Summary for ComplianceAI Pro Root 1.0.0:
[INFO] 
[INFO] ComplianceAI Pro ................................... FAILURE [  4.611 s]
[INFO] ComplianceAI Pro Root .............................. SKIPPED
[INFO] ------------------------------------------------------------------------
[INFO] BUILD FAILURE
[INFO] ------------------------------------------------------------------------
[INFO] Total time:  5.002 s
[INFO] Finished at: 2026-04-19T14:10:25+05:30
[INFO] ------------------------------------------------------------------------
[ERROR] Failed to execute goal org.apache.maven.plugins:maven-compiler-plugin:3.11.0:compile (default-compile) on project complianceai-pro: Compilation failure: Compilation failure: 
[ERROR] /C:/Users/rahul/.gemini/antigravity/scratch/complianceai-pro/backend/src/main/java/com/complianceai/controller/AuthController.java:[3,36] package com.complianceai.dto.request does not exist
[ERROR] /C:/Users/rahul/.gemini/antigravity/scratch/complianceai-pro/backend/src/main/java/com/complianceai/controller/AuthController.java:[4,36] package com.complianceai.dto.request does not exist
[ERROR] /C:/Users/rahul/.gemini/antigravity/scratch/complianceai-pro/backend/src/main/java/com/complianceai/controller/AuthController.java:[5,37] package com.complianceai.dto.response does not exist
[ERROR] /C:/Users/rahul/.gemini/antigravity/scratch/complianceai-pro/backend/src/main/java/com/complianceai/controller/AuthController.java:[20,68] cannot find symbol
[ERROR]   symbol:   class SignupRequest
[ERROR]   location: class com.complianceai.controller.AuthController
[ERROR] /C:/Users/rahul/.gemini/antigravity/scratch/complianceai-pro/backend/src/main/java/com/complianceai/controller/AuthController.java:[20,27] cannot find symbol
[ERROR]   symbol:   class AuthResponse
[ERROR]   location: class com.complianceai.controller.AuthController
[ERROR] /C:/Users/rahul/.gemini/antigravity/scratch/complianceai-pro/backend/src/main/java/com/complianceai/controller/AuthController.java:[25,67] cannot find symbol
[ERROR]   symbol:   class LoginRequest
[ERROR]   location: class com.complianceai.controller.AuthController
[ERROR] /C:/Users/rahul/.gemini/antigravity/scratch/complianceai-pro/backend/src/main/java/com/complianceai/controller/AuthController.java:[25,27] cannot find symbol
[ERROR]   symbol:   class AuthResponse
[ERROR]   location: class com.complianceai.controller.AuthController
[ERROR] /C:/Users/rahul/.gemini/antigravity/scratch/complianceai-pro/backend/src/main/java/com/complianceai/controller/AuthController.java:[30,27] cannot find symbol
[ERROR]   symbol:   class AuthResponse
[ERROR]   location: class com.complianceai.controller.AuthController
[ERROR] /C:/Users/rahul/.gemini/antigravity/scratch/complianceai-pro/backend/src/main/java/com/complianceai/controller/ScanController.java:[3,36] package com.complianceai.dto.request does not exist
[ERROR] /C:/Users/rahul/.gemini/antigravity/scratch/complianceai-pro/backend/src/main/java/com/complianceai/controller/ScanController.java:[4,37] package com.complianceai.dto.response does not exist
[ERROR] /C:/Users/rahul/.gemini/antigravity/scratch/complianceai-pro/backend/src/main/java/com/complianceai/controller/ScanController.java:[5,37] package com.complianceai.dto.response does not exist
[ERROR] /C:/Users/rahul/.gemini/antigravity/scratch/complianceai-pro/backend/src/main/java/com/complianceai/service/ScanService.java:[3,37] package com.complianceai.dto.response does not exist
[ERROR] /C:/Users/rahul/.gemini/antigravity/scratch/complianceai-pro/backend/src/main/java/com/complianceai/service/ScanService.java:[4,37] package com.complianceai.dto.response does not exist
[ERROR] /C:/Users/rahul/.gemini/antigravity/scratch/complianceai-pro/backend/src/main/java/com/complianceai/controller/ScanController.java:[22,74] cannot find symbol
[ERROR]   symbol:   class ScanRequest
[ERROR]   location: class com.complianceai.controller.ScanController
[ERROR] /C:/Users/rahul/.gemini/antigravity/scratch/complianceai-pro/backend/src/main/java/com/complianceai/controller/ScanController.java:[22,27] cannot find symbol
[ERROR]   symbol:   class ComplianceScoreResponse
[ERROR]   location: class com.complianceai.controller.ScanController
[ERROR] /C:/Users/rahul/.gemini/antigravity/scratch/complianceai-pro/backend/src/main/java/com/complianceai/controller/ScanController.java:[30,26] cannot find symbol
[ERROR]   symbol:   class ScanRequest
[ERROR]   location: class com.complianceai.controller.ScanController
[ERROR] /C:/Users/rahul/.gemini/antigravity/scratch/complianceai-pro/backend/src/main/java/com/complianceai/controller/ScanController.java:[28,27] cannot find symbol
[ERROR]   symbol:   class ScanResponse
[ERROR]   location: class com.complianceai.controller.ScanController
[ERROR] /C:/Users/rahul/.gemini/antigravity/scratch/complianceai-pro/backend/src/main/java/com/complianceai/service/ScanService.java:[33,12] cannot find symbol
[ERROR]   symbol:   class ComplianceScoreResponse
[ERROR]   location: class com.complianceai.service.ScanService
[ERROR] /C:/Users/rahul/.gemini/antigravity/scratch/complianceai-pro/backend/src/main/java/com/complianceai/service/ScanService.java:[130,56] cannot find symbol
[ERROR]   symbol:   class ScanRequest
[ERROR]   location: class com.complianceai.service.ScanService
[ERROR] /C:/Users/rahul/.gemini/antigravity/scratch/complianceai-pro/backend/src/main/java/com/complianceai/service/ScanService.java:[130,12] cannot find symbol
[ERROR]   symbol:   class ScanResponse
[ERROR]   location: class com.complianceai.service.ScanService
[ERROR] /C:/Users/rahul/.gemini/antigravity/scratch/complianceai-pro/backend/src/main/java/com/complianceai/service/SubscriptionService.java:[4,37] package com.complianceai.dto.response does not exist
[ERROR] /C:/Users/rahul/.gemini/antigravity/scratch/complianceai-pro/backend/src/main/java/com/complianceai/service/SubscriptionService.java:[55,12] cannot find symbol
[ERROR]   symbol:   class SubscriptionResponse
[ERROR]   location: class com.complianceai.service.SubscriptionService
[ERROR] /C:/Users/rahul/.gemini/antigravity/scratch/complianceai-pro/backend/src/main/java/com/complianceai/controller/SubscriptionController.java:[3,36] package com.complianceai.dto.request does not exist
[ERROR] /C:/Users/rahul/.gemini/antigravity/scratch/complianceai-pro/backend/src/main/java/com/complianceai/controller/SubscriptionController.java:[4,37] package com.complianceai.dto.response does not exist
[ERROR] /C:/Users/rahul/.gemini/antigravity/scratch/complianceai-pro/backend/src/main/java/com/complianceai/controller/SubscriptionController.java:[24,26] cannot find symbol
[ERROR]   symbol:   class CreateSubscriptionRequest
[ERROR]   location: class com.complianceai.controller.SubscriptionController
[ERROR] /C:/Users/rahul/.gemini/antigravity/scratch/complianceai-pro/backend/src/main/java/com/complianceai/controller/SubscriptionController.java:[34,27] cannot find symbol
[ERROR]   symbol:   class SubscriptionResponse
[ERROR]   location: class com.complianceai.controller.SubscriptionController
[ERROR] /C:/Users/rahul/.gemini/antigravity/scratch/complianceai-pro/backend/src/main/java/com/complianceai/controller/SubscriptionController.java:[50,26] cannot find symbol
[ERROR]   symbol:   class CreateSubscriptionRequest
[ERROR]   location: class com.complianceai.controller.SubscriptionController
[ERROR] -> [Help 1]
[ERROR] 
[ERROR] To see the full stack trace of the errors, re-run Maven with the -e switch.
[ERROR] Re-run Maven using the -X switch to enable full debug logging.
[ERROR] 
[ERROR] For more information about the errors and possible solutions, please read the following articles:
[ERROR] [Help 1] http://cwiki.apache.org/confluence/display/MAVEN/MojoFailureException
